2026-07-01 13:08:57,044: Logging to C:\GitHub\climate-change\NeuralHydrology\rq3_finetune\runs\rq3_scratch_basin_01022500_0107_130857\output.log initialized.
2026-07-01 13:08:57,044: ### Folder structure created at C:\GitHub\climate-change\NeuralHydrology\rq3_finetune\runs\rq3_scratch_basin_01022500_0107_130857
2026-07-01 13:08:57,044: ### Run configurations for rq3_scratch_basin_01022500
2026-07-01 13:08:57,045: experiment_name: rq3_scratch_basin_01022500
2026-07-01 13:08:57,045: train_basin_file: C:\GitHub\climate-change\NeuralHydrology\rq3_finetune\basin_lists_multibasin\basin_01022500.txt
2026-07-01 13:08:57,045: validation_basin_file: C:\GitHub\climate-change\NeuralHydrology\rq3_finetune\basin_lists_multibasin\basin_01022500.txt
2026-07-01 13:08:57,045: test_basin_file: C:\GitHub\climate-change\NeuralHydrology\rq3_finetune\basin_lists_multibasin\basin_01022500.txt
2026-07-01 13:08:57,046: train_start_date: 1999-10-01 00:00:00
2026-07-01 13:08:57,046: train_end_date: 2008-09-30 00:00:00
2026-07-01 13:08:57,046: validation_start_date: 1980-10-01 00:00:00
2026-07-01 13:08:57,046: validation_end_date: 1989-09-30 00:00:00
2026-07-01 13:08:57,046: test_start_date: 1989-10-01 00:00:00
2026-07-01 13:08:57,046: test_end_date: 1999-09-30 00:00:00
2026-07-01 13:08:57,046: device: cpu
2026-07-01 13:08:57,046: validate_every: 3
2026-07-01 13:08:57,046: validate_n_random_basins: 1
2026-07-01 13:08:57,046: metrics: ['NSE', 'KGE']
2026-07-01 13:08:57,046: model: cudalstm
2026-07-01 13:08:57,047: head: regression
2026-07-01 13:08:57,047: output_activation: linear
2026-07-01 13:08:57,047: hidden_size: 64
2026-07-01 13:08:57,047: initial_forget_bias: 3
2026-07-01 13:08:57,047: output_dropout: 0.4
2026-07-01 13:08:57,047: optimizer: Adam
2026-07-01 13:08:57,047: loss: NSE
2026-07-01 13:08:57,047: learning_rate: {0: 0.0005, 2: 5e-05}
2026-07-01 13:08:57,047: epochs: 10
2026-07-01 13:08:57,047: batch_size: 256
2026-07-01 13:08:57,047: clip_gradient_norm: 1
2026-07-01 13:08:57,047: predict_last_n: 1
2026-07-01 13:08:57,047: seq_length: 365
2026-07-01 13:08:57,047: num_workers: 0
2026-07-01 13:08:57,048: log_interval: 5
2026-07-01 13:08:57,048: log_tensorboard: False
2026-07-01 13:08:57,048: save_weights_every: 1
2026-07-01 13:08:57,048: save_validation_results: True
2026-07-01 13:08:57,048: dataset: camels_us
2026-07-01 13:08:57,048: data_dir: C:\GitHub\climate-change\NeuralHydrology\data\CAMELS_US
2026-07-01 13:08:57,048: forcings: ['daymet']
2026-07-01 13:08:57,048: dynamic_inputs: ['prcp(mm/day)', 'srad(W/m2)', 'tmax(C)', 'tmin(C)', 'vp(Pa)']
2026-07-01 13:08:57,048: static_attributes: []
2026-07-01 13:08:57,048: target_variables: ['QObs(mm/d)']
2026-07-01 13:08:57,048: clip_targets_to_zero: ['QObs(mm/d)']
2026-07-01 13:08:57,048: seed: 1001
2026-07-01 13:08:57,048: number_of_basins: 1
2026-07-01 13:08:57,048: run_dir: C:\GitHub\climate-change\NeuralHydrology\rq3_finetune\runs\rq3_scratch_basin_01022500_0107_130857
2026-07-01 13:08:57,048: train_dir: C:\GitHub\climate-change\NeuralHydrology\rq3_finetune\runs\rq3_scratch_basin_01022500_0107_130857\train_data
2026-07-01 13:08:57,048: img_log_dir: C:\GitHub\climate-change\NeuralHydrology\rq3_finetune\runs\rq3_scratch_basin_01022500_0107_130857\img_log
2026-07-01 13:08:57,130: ### Device cpu will be used for training
2026-07-01 13:08:57,131: Loading basin data into xarray data set.
2026-07-01 13:08:57,298: Calculating target variable stds per basin
2026-07-01 13:08:57,305: Create lookup table and convert to pytorch tensor
2026-07-01 13:09:03,868: Epoch 1 average loss: avg_loss: 0.13140, avg_total_loss: 0.13140
2026-07-01 13:09:03,903: Setting learning rate to 5e-05
2026-07-01 13:09:06,212: Epoch 2 average loss: avg_loss: 0.12050, avg_total_loss: 0.12050
2026-07-01 13:09:08,487: Epoch 3 average loss: avg_loss: 0.11614, avg_total_loss: 0.11614
2026-07-01 13:09:09,340: Stored metrics at C:\GitHub\climate-change\NeuralHydrology\rq3_finetune\runs\rq3_scratch_basin_01022500_0107_130857\validation\model_epoch003\validation_metrics.csv
2026-07-01 13:09:09,341: Stored results at C:\GitHub\climate-change\NeuralHydrology\rq3_finetune\runs\rq3_scratch_basin_01022500_0107_130857\validation\model_epoch003\validation_results.p
2026-07-01 13:09:09,341: Epoch 3 average validation loss: 0.11947 -- Median validation metrics: avg_loss: 0.11947, NSE: 0.14806, KGE: 0.08492
2026-07-01 13:09:11,683: Epoch 4 average loss: avg_loss: 0.11464, avg_total_loss: 0.11464
