2026-06-30 14:49:31,242: Logging to C:\GitHub\climate-change\NeuralHydrology\rq3_finetune\runs\rq3_base_global_3006_144931\output.log initialized.
2026-06-30 14:49:31,243: ### Folder structure created at C:\GitHub\climate-change\NeuralHydrology\rq3_finetune\runs\rq3_base_global_3006_144931
2026-06-30 14:49:31,243: ### Run configurations for rq3_base_global
2026-06-30 14:49:31,243: experiment_name: rq3_base_global
2026-06-30 14:49:31,243: train_basin_file: basins_pretrain.txt
2026-06-30 14:49:31,243: validation_basin_file: basins_pretrain.txt
2026-06-30 14:49:31,243: test_basin_file: basins_pretrain.txt
2026-06-30 14:49:31,243: train_start_date: 1999-10-01 00:00:00
2026-06-30 14:49:31,243: train_end_date: 2008-09-30 00:00:00
2026-06-30 14:49:31,244: validation_start_date: 1980-10-01 00:00:00
2026-06-30 14:49:31,244: validation_end_date: 1989-09-30 00:00:00
2026-06-30 14:49:31,244: test_start_date: 1989-10-01 00:00:00
2026-06-30 14:49:31,244: test_end_date: 1999-09-30 00:00:00
2026-06-30 14:49:31,244: device: cpu
2026-06-30 14:49:31,244: validate_every: 2
2026-06-30 14:49:31,244: validate_n_random_basins: 8
2026-06-30 14:49:31,244: metrics: ['NSE', 'KGE']
2026-06-30 14:49:31,244: model: cudalstm
2026-06-30 14:49:31,244: head: regression
2026-06-30 14:49:31,244: output_activation: linear
2026-06-30 14:49:31,244: hidden_size: 64
2026-06-30 14:49:31,244: initial_forget_bias: 3
2026-06-30 14:49:31,244: output_dropout: 0.4
2026-06-30 14:49:31,244: optimizer: Adam
2026-06-30 14:49:31,244: loss: NSE
2026-06-30 14:49:31,244: learning_rate: {0: 0.001, 3: 0.0005}
2026-06-30 14:49:31,244: batch_size: 256
2026-06-30 14:49:31,244: epochs: 5
2026-06-30 14:49:31,245: clip_gradient_norm: 1
2026-06-30 14:49:31,245: predict_last_n: 1
2026-06-30 14:49:31,245: seq_length: 365
2026-06-30 14:49:31,245: num_workers: 0
2026-06-30 14:49:31,245: log_interval: 5
2026-06-30 14:49:31,245: log_tensorboard: False
2026-06-30 14:49:31,245: save_weights_every: 1
2026-06-30 14:49:31,245: save_validation_results: True
2026-06-30 14:49:31,245: dataset: camels_us
2026-06-30 14:49:31,245: data_dir: C:\GitHub\climate-change\NeuralHydrology\data\CAMELS_US
2026-06-30 14:49:31,245: forcings: ['daymet']
2026-06-30 14:49:31,245: dynamic_inputs: ['prcp(mm/day)', 'srad(W/m2)', 'tmax(C)', 'tmin(C)', 'vp(Pa)']
2026-06-30 14:49:31,245: static_attributes: ['elev_mean', 'slope_mean', 'area_gages2', 'frac_forest', 'lai_max', 'lai_diff', 'gvf_max', 'gvf_diff', 'soil_depth_pelletier', 'soil_depth_statsgo', 'soil_porosity', 'soil_conductivity', 'max_water_content', 'sand_frac', 'silt_frac', 'clay_frac', 'carbonate_rocks_frac', 'geol_permeability', 'p_mean', 'pet_mean', 'aridity', 'frac_snow', 'high_prec_freq', 'high_prec_dur', 'low_prec_freq', 'low_prec_dur']
2026-06-30 14:49:31,245: target_variables: ['QObs(mm/d)']
2026-06-30 14:49:31,245: clip_targets_to_zero: ['QObs(mm/d)']
2026-06-30 14:49:31,245: number_of_basins: 8
2026-06-30 14:49:31,245: run_dir: C:\GitHub\climate-change\NeuralHydrology\rq3_finetune\runs\rq3_base_global_3006_144931
2026-06-30 14:49:31,245: train_dir: C:\GitHub\climate-change\NeuralHydrology\rq3_finetune\runs\rq3_base_global_3006_144931\train_data
2026-06-30 14:49:31,245: img_log_dir: C:\GitHub\climate-change\NeuralHydrology\rq3_finetune\runs\rq3_base_global_3006_144931\img_log
2026-06-30 14:49:31,305: ### Device cpu will be used for training
2026-06-30 14:49:31,405: Loading basin data into xarray data set.
2026-06-30 14:49:32,246: Calculating target variable stds per basin
2026-06-30 14:49:32,256: Create lookup table and convert to pytorch tensor
2026-06-30 14:49:53,163: Epoch 1 average loss: avg_loss: 0.06517, avg_total_loss: 0.06517
2026-06-30 14:50:11,724: Epoch 2 average loss: avg_loss: 0.04746, avg_total_loss: 0.04746
2026-06-30 14:50:16,521: Stored metrics at C:\GitHub\climate-change\NeuralHydrology\rq3_finetune\runs\rq3_base_global_3006_144931\validation\model_epoch002\validation_metrics.csv
2026-06-30 14:50:16,521: Stored results at C:\GitHub\climate-change\NeuralHydrology\rq3_finetune\runs\rq3_base_global_3006_144931\validation\model_epoch002\validation_results.p
2026-06-30 14:50:16,521: Epoch 2 average validation loss: 0.04083 -- Median validation metrics: avg_loss: 0.04083, NSE: 0.42438, KGE: 0.42839
2026-06-30 14:50:16,521: Setting learning rate to 0.0005
2026-06-30 14:50:34,798: Epoch 3 average loss: avg_loss: 0.03776, avg_total_loss: 0.03776
2026-06-30 14:50:52,696: Epoch 4 average loss: avg_loss: 0.03358, avg_total_loss: 0.03358
2026-06-30 14:50:56,207: Stored metrics at C:\GitHub\climate-change\NeuralHydrology\rq3_finetune\runs\rq3_base_global_3006_144931\validation\model_epoch004\validation_metrics.csv
2026-06-30 14:50:56,213: Stored results at C:\GitHub\climate-change\NeuralHydrology\rq3_finetune\runs\rq3_base_global_3006_144931\validation\model_epoch004\validation_results.p
2026-06-30 14:50:56,213: Epoch 4 average validation loss: 0.03496 -- Median validation metrics: avg_loss: 0.03496, NSE: 0.51981, KGE: 0.55266
2026-06-30 14:51:14,266: Epoch 5 average loss: avg_loss: 0.03043, avg_total_loss: 0.03043
