2026-06-30 14:53:26,488: Logging to C:\GitHub\climate-change\NeuralHydrology\rq3_finetune\runs\rq3_finetuned_3006_145326\output.log initialized.
2026-06-30 14:53:26,488: ### Folder structure created at C:\GitHub\climate-change\NeuralHydrology\rq3_finetune\runs\rq3_finetuned_3006_145326
2026-06-30 14:53:26,488: ### Start finetuning with pretrained model stored in C:\GitHub\climate-change\NeuralHydrology\rq3_finetune\runs\rq3_base_global_3006_144931
2026-06-30 14:53:26,488: ### Run configurations for rq3_finetuned
2026-06-30 14:53:26,488: batch_size: 256
2026-06-30 14:53:26,488: clip_gradient_norm: 1
2026-06-30 14:53:26,488: clip_targets_to_zero: ['QObs(mm/d)']
2026-06-30 14:53:26,488: commit_hash: None
2026-06-30 14:53:26,488: data_dir: C:\GitHub\climate-change\NeuralHydrology\data\CAMELS_US
2026-06-30 14:53:26,490: dataset: camels_us
2026-06-30 14:53:26,491: device: cpu
2026-06-30 14:53:26,491: dynamic_inputs: ['prcp(mm/day)', 'srad(W/m2)', 'tmax(C)', 'tmin(C)', 'vp(Pa)']
2026-06-30 14:53:26,491: epochs: 10
2026-06-30 14:53:26,491: experiment_name: rq3_finetuned
2026-06-30 14:53:26,491: forcings: ['daymet']
2026-06-30 14:53:26,491: head: regression
2026-06-30 14:53:26,491: hidden_size: 64
2026-06-30 14:53:26,491: img_log_dir: C:\GitHub\climate-change\NeuralHydrology\rq3_finetune\runs\rq3_finetuned_3006_145326\img_log
2026-06-30 14:53:26,491: initial_forget_bias: 3
2026-06-30 14:53:26,491: learning_rate: {0: 0.0005, 2: 5e-05}
2026-06-30 14:53:26,491: log_interval: 5
2026-06-30 14:53:26,491: log_tensorboard: False
2026-06-30 14:53:26,491: loss: NSE
2026-06-30 14:53:26,491: metrics: ['NSE', 'KGE']
2026-06-30 14:53:26,491: model: cudalstm
2026-06-30 14:53:26,491: num_workers: 0
2026-06-30 14:53:26,491: number_of_basins: 1
2026-06-30 14:53:26,491: optimizer: Adam
2026-06-30 14:53:26,491: output_activation: linear
2026-06-30 14:53:26,491: output_dropout: 0.4
2026-06-30 14:53:26,491: package_version: 1.13.0
2026-06-30 14:53:26,491: predict_last_n: 1
2026-06-30 14:53:26,491: run_dir: C:\GitHub\climate-change\NeuralHydrology\rq3_finetune\runs\rq3_finetuned_3006_145326
2026-06-30 14:53:26,491: save_validation_results: True
2026-06-30 14:53:26,491: save_weights_every: 1
2026-06-30 14:53:26,491: seed: 508129
2026-06-30 14:53:26,491: seq_length: 365
2026-06-30 14:53:26,491: static_attributes: ['elev_mean', 'slope_mean', 'area_gages2', 'frac_forest', 'lai_max', 'lai_diff', 'gvf_max', 'gvf_diff', 'soil_depth_pelletier', 'soil_depth_statsgo', 'soil_porosity', 'soil_conductivity', 'max_water_content', 'sand_frac', 'silt_frac', 'clay_frac', 'carbonate_rocks_frac', 'geol_permeability', 'p_mean', 'pet_mean', 'aridity', 'frac_snow', 'high_prec_freq', 'high_prec_dur', 'low_prec_freq', 'low_prec_dur']
2026-06-30 14:53:26,491: target_variables: ['QObs(mm/d)']
2026-06-30 14:53:26,492: test_basin_file: basins_finetune.txt
2026-06-30 14:53:26,492: test_end_date: 1999-09-30 00:00:00
2026-06-30 14:53:26,492: test_start_date: 1989-10-01 00:00:00
2026-06-30 14:53:26,492: train_basin_file: basins_finetune.txt
2026-06-30 14:53:26,492: train_dir: C:\GitHub\climate-change\NeuralHydrology\rq3_finetune\runs\rq3_finetuned_3006_145326\train_data
2026-06-30 14:53:26,492: train_end_date: 2008-09-30 00:00:00
2026-06-30 14:53:26,492: train_start_date: 1999-10-01 00:00:00
2026-06-30 14:53:26,492: validate_every: 2
2026-06-30 14:53:26,492: validate_n_random_basins: 8
2026-06-30 14:53:26,492: validation_basin_file: basins_finetune.txt
2026-06-30 14:53:26,492: validation_end_date: 1989-09-30 00:00:00
2026-06-30 14:53:26,492: validation_start_date: 1980-10-01 00:00:00
2026-06-30 14:53:26,492: finetune_modules: ['head', 'lstm']
2026-06-30 14:53:26,492: base_run_dir: C:\GitHub\climate-change\NeuralHydrology\rq3_finetune\runs\rq3_base_global_3006_144931
2026-06-30 14:53:26,492: is_finetuning: True
2026-06-30 14:53:26,492: is_continue_training: False
2026-06-30 14:53:26,562: ### Device cpu will be used for training
2026-06-30 14:53:26,682: Loading basin data into xarray data set.
2026-06-30 14:53:26,823: Calculating target variable stds per basin
2026-06-30 14:53:26,826: Create lookup table and convert to pytorch tensor
2026-06-30 14:53:28,210: Starting training from checkpoint C:\GitHub\climate-change\NeuralHydrology\rq3_finetune\runs\rq3_base_global_3006_144931\model_epoch005.pt
2026-06-30 14:53:32,503: Epoch 1 average loss: avg_loss: 0.01862, avg_total_loss: 0.01862
2026-06-30 14:53:32,520: Setting learning rate to 5e-05
2026-06-30 14:53:35,100: Epoch 2 average loss: avg_loss: 0.01706, avg_total_loss: 0.01706
2026-06-30 14:53:35,941: Stored metrics at C:\GitHub\climate-change\NeuralHydrology\rq3_finetune\runs\rq3_finetuned_3006_145326\validation\model_epoch002\validation_metrics.csv
2026-06-30 14:53:35,942: Stored results at C:\GitHub\climate-change\NeuralHydrology\rq3_finetune\runs\rq3_finetuned_3006_145326\validation\model_epoch002\validation_results.p
2026-06-30 14:53:35,943: Epoch 2 average validation loss: 0.02448 -- Median validation metrics: avg_loss: 0.02448, NSE: 0.69269, KGE: 0.73706
2026-06-30 14:53:38,229: Epoch 3 average loss: avg_loss: 0.01678, avg_total_loss: 0.01678
2026-06-30 14:53:40,668: Epoch 4 average loss: avg_loss: 0.01632, avg_total_loss: 0.01632
2026-06-30 14:53:41,146: Stored metrics at C:\GitHub\climate-change\NeuralHydrology\rq3_finetune\runs\rq3_finetuned_3006_145326\validation\model_epoch004\validation_metrics.csv
2026-06-30 14:53:41,147: Stored results at C:\GitHub\climate-change\NeuralHydrology\rq3_finetune\runs\rq3_finetuned_3006_145326\validation\model_epoch004\validation_results.p
2026-06-30 14:53:41,147: Epoch 4 average validation loss: 0.02355 -- Median validation metrics: avg_loss: 0.02355, NSE: 0.70181, KGE: 0.75727
2026-06-30 14:53:43,507: Epoch 5 average loss: avg_loss: 0.01651, avg_total_loss: 0.01651
2026-06-30 14:53:45,836: Epoch 6 average loss: avg_loss: 0.01608, avg_total_loss: 0.01608
2026-06-30 14:53:46,251: Stored metrics at C:\GitHub\climate-change\NeuralHydrology\rq3_finetune\runs\rq3_finetuned_3006_145326\validation\model_epoch006\validation_metrics.csv
2026-06-30 14:53:46,253: Stored results at C:\GitHub\climate-change\NeuralHydrology\rq3_finetune\runs\rq3_finetuned_3006_145326\validation\model_epoch006\validation_results.p
2026-06-30 14:53:46,254: Epoch 6 average validation loss: 0.02363 -- Median validation metrics: avg_loss: 0.02363, NSE: 0.70087, KGE: 0.75158
2026-06-30 14:53:48,422: Epoch 7 average loss: avg_loss: 0.01626, avg_total_loss: 0.01626
2026-06-30 14:53:50,853: Epoch 8 average loss: avg_loss: 0.01601, avg_total_loss: 0.01601
2026-06-30 14:53:51,284: Stored metrics at C:\GitHub\climate-change\NeuralHydrology\rq3_finetune\runs\rq3_finetuned_3006_145326\validation\model_epoch008\validation_metrics.csv
2026-06-30 14:53:51,285: Stored results at C:\GitHub\climate-change\NeuralHydrology\rq3_finetune\runs\rq3_finetuned_3006_145326\validation\model_epoch008\validation_results.p
2026-06-30 14:53:51,285: Epoch 8 average validation loss: 0.02375 -- Median validation metrics: avg_loss: 0.02375, NSE: 0.69895, KGE: 0.74613
2026-06-30 14:53:53,502: Epoch 9 average loss: avg_loss: 0.01500, avg_total_loss: 0.01500
2026-06-30 14:53:55,796: Epoch 10 average loss: avg_loss: 0.01645, avg_total_loss: 0.01645
2026-06-30 14:53:56,236: Stored metrics at C:\GitHub\climate-change\NeuralHydrology\rq3_finetune\runs\rq3_finetuned_3006_145326\validation\model_epoch010\validation_metrics.csv
2026-06-30 14:53:56,237: Stored results at C:\GitHub\climate-change\NeuralHydrology\rq3_finetune\runs\rq3_finetuned_3006_145326\validation\model_epoch010\validation_results.p
2026-06-30 14:53:56,238: Epoch 10 average validation loss: 0.02377 -- Median validation metrics: avg_loss: 0.02377, NSE: 0.69808, KGE: 0.74651
2026-06-30 14:53:56,281: Using the model weights from C:\GitHub\climate-change\NeuralHydrology\rq3_finetune\runs\rq3_base_global_3006_144931\model_epoch005.pt
2026-06-30 14:54:01,299: Stored metrics at C:\GitHub\climate-change\NeuralHydrology\rq3_finetune\runs\rq3_base_global_3006_144931\test\model_epoch005\test_metrics.csv
2026-06-30 14:54:01,299: Stored results at C:\GitHub\climate-change\NeuralHydrology\rq3_finetune\runs\rq3_base_global_3006_144931\test\model_epoch005\test_results.p
2026-06-30 14:54:01,335: Using the model weights from C:\GitHub\climate-change\NeuralHydrology\rq3_finetune\runs\rq3_finetuned_3006_145326\model_epoch010.pt
2026-06-30 14:54:01,950: Stored metrics at C:\GitHub\climate-change\NeuralHydrology\rq3_finetune\runs\rq3_finetuned_3006_145326\test\model_epoch010\test_metrics.csv
2026-06-30 14:54:01,950: Stored results at C:\GitHub\climate-change\NeuralHydrology\rq3_finetune\runs\rq3_finetuned_3006_145326\test\model_epoch010\test_results.p
